// Jest Snapshot v1, https://goo.gl/fbAQLP

exports[`AppText component renders correctly 1`] = `
<Text
  style={
    Array [
      Object {
        "color": "#637381",
        "fontFamily": "Oswald-Light",
        "fontSize": 20,
      },
      undefined,
    ]
  }
>
  This is text
</Text>
`;
